

https://developer.salesforce.com/docs/atlas.en-us.fundamentals.meta/fundamentals/adg_relationships_review_page_layout_try_it_out.htm

ManageUsers
save:Saving...
name_firstName:John
role:00E61000000hkQ7
name_lastName:Smith
user_license_id:10061000000ceZn
Alias:Chatter
Profile:00e61000000smA7
Email:branden.bellanca@gmail.com
active:1
Username:recruiter-manager@ucontainer.com
CommunityNickname:jsmith
Title:
CompanyName:Uuniversal Containers
Department:
Division:
mobileConfig_lkid:000000000000000
mobileConfig_lkold:null
mobileConfig_lktp:063
mobileConfig_lspf:0
mobileConfig_lspfsub:0
mobileConfig_mod:0
mobileConfig:
jigsawUserType:
salesforce1_user:1
CallCenter_lkid:000000000000000
CallCenter_lkold:null
CallCenter_lktp:04v
CallCenter_lspf:0
CallCenter_lspfsub:0
CallCenter_mod:0
CallCenter:
Phone:13042817797
Extension:
Fax:
MobilePhone:13042817797
EmailEncodingKey:1
EmployeeNumber:
Addressstreet:5759 Cambrooke Ct
Addresscity:Dublin
Addressstate:OH
Addresszip:43016
Addresscountry:US
FederationIdentifier:
TimeZoneSidKey:12
LocaleSidKey:1
LanguageLocaleKey:1
DelegatedApprover_lkid:000000000000000
DelegatedApprover_lkold:null
DelegatedApprover_lktp:StandardUserLookup
DelegatedApprover_lspf:0
DelegatedApprover_lspfsub:0
DelegatedApprover_mod:0
DelegatedApprover:
Manager_lkid:000000000000000
Manager_lkold:null
Manager_lktp:StandardUserLookup
Manager_lspf:0
Manager_lspfsub:0
Manager_mod:0
Manager:
receiveApprovalsEmails:SEND_APPROVER
info_email:1
sysMod:151e48f8e00